{
    "sarscov2 - bam - single_end": {
        "content": [
            {
                "0": [
                    "multiqc_report.html:md5,e9142b105b7c5e3d7e72bff7173a1de9"
                ],
                "1": [
                    "multiqc_report.html:md5,121da822f7a1e8f8c32b2b5bd1f7cf5d"
                ],
                "2": [
                    "analysis_report.html:md5,51c9876f67701196e5ff572b75f43ecd"
                ],
                "3": [
                    "versions.yml:md5,ba27257c5db36b7e5a1bd764e6788914",
                    "versions.yml:md5,f7f62760b72c39ace865313374e5c526"
                ],
                "analysis_report": [
                    "analysis_report.html:md5,51c9876f67701196e5ff572b75f43ecd"
                ],
                "multiqc_report": [
                    "multiqc_report.html:md5,e9142b105b7c5e3d7e72bff7173a1de9"
                ],
                "multiqc_report1": [
                    "multiqc_report.html:md5,121da822f7a1e8f8c32b2b5bd1f7cf5d"
                ],
                "versions": [
                    "versions.yml:md5,ba27257c5db36b7e5a1bd764e6788914",
                    "versions.yml:md5,f7f62760b72c39ace865313374e5c526"
                ]
            }
        ],
        "meta": {
            "nf-test": "0.8.4",
            "nextflow": "24.04.4"
        },
        "timestamp": "2024-10-09T15:45:53.518645"
    }
}