{
    "sarscov2 - bam - single_end": {
        "content": [
            {
                "0": [
                    "multiqc_report.html:md5,02328473ecb891dfb87b8e10a37e7d65"
                ],
                "1": [
                    "multiqc_report.html:md5,9e130efe0e8d8b6226c179d09618601b"
                ],
                "2": [
                    "analysis_report.html:md5,5efdb59da582bd4a7204a7f6af5bf84c"
                ],
                "3": [
                    "versions.yml:md5,ba27257c5db36b7e5a1bd764e6788914",
                    "versions.yml:md5,f7f62760b72c39ace865313374e5c526"
                ],
                "analysis_report": [
                    "analysis_report.html:md5,5efdb59da582bd4a7204a7f6af5bf84c"
                ],
                "multiqc_report": [
                    "multiqc_report.html:md5,02328473ecb891dfb87b8e10a37e7d65"
                ],
                "multiqc_report1": [
                    "multiqc_report.html:md5,9e130efe0e8d8b6226c179d09618601b"
                ],
                "versions": [
                    "versions.yml:md5,ba27257c5db36b7e5a1bd764e6788914",
                    "versions.yml:md5,f7f62760b72c39ace865313374e5c526"
                ]
            }
        ],
        "meta": {
            "nf-test": "0.8.4",
            "nextflow": "24.04.4"
        },
        "timestamp": "2024-09-11T16:42:25.694323"
    }
}