{
    "readcdhout": {
        "content": [
            {
                "0": [
                    [
                        {
                            "id": "test1",
                            "single_end": false
                        },
                        "test1_clusters.summary:md5,e79147ef0b91e56c0dbd206f4d45c88f"
                    ]
                ],
                "1": [
                    "test1_clusters.summary:md5,e79147ef0b91e56c0dbd206f4d45c88f"
                ],
                "2": [
                    "versions.yml:md5,67cb59bec2e65dd365339b6ee45ee2d0"
                ],
                "summary": [
                    [
                        {
                            "id": "test1",
                            "single_end": false
                        },
                        "test1_clusters.summary:md5,e79147ef0b91e56c0dbd206f4d45c88f"
                    ]
                ],
                "summaryonly": [
                    "test1_clusters.summary:md5,e79147ef0b91e56c0dbd206f4d45c88f"
                ],
                "versions": [
                    "versions.yml:md5,67cb59bec2e65dd365339b6ee45ee2d0"
                ]
            }
        ],
        "meta": {
            "nf-test": "0.8.4",
            "nextflow": "23.10.1"
        },
        "timestamp": "2024-04-22T08:32:19.847762315"
    }
}