{
    "sarscov2 - bam - single_end": {
        "content": [
            {
                "0": [
                    "multiqc_report.html:md5,976c73b904ace61615a0fb7ae6ccc500"
                ],
                "1": [
                    "multiqc_report.html:md5,394254320bfd432190c74be4db316625"
                ],
                "2": [
                    "analysis_report.html:md5,3f48f4bf0ed94e8ed7f4ba4c6fe38350"
                ],
                "3": [
                    "versions.yml:md5,6bca34a522f2030c562c7a521ce8264b",
                    "versions.yml:md5,9f153f756e74bd1c51ff66be000f5ae4"
                ],
                "analysis_report": [
                    "analysis_report.html:md5,3f48f4bf0ed94e8ed7f4ba4c6fe38350"
                ],
                "multiqc_report": [
                    "multiqc_report.html:md5,976c73b904ace61615a0fb7ae6ccc500"
                ],
                "multiqc_report1": [
                    "multiqc_report.html:md5,394254320bfd432190c74be4db316625"
                ],
                "versions": [
                    "versions.yml:md5,6bca34a522f2030c562c7a521ce8264b",
                    "versions.yml:md5,9f153f756e74bd1c51ff66be000f5ae4"
                ]
            }
        ],
        "meta": {
            "nf-test": "0.8.4",
            "nextflow": "24.04.4"
        },
        "timestamp": "2024-10-18T10:44:17.744463"
    }
}