{
    "sarscov2 - bam - single_end": {
        "content": [
            {
                "0": [
                    "multiqc_report.html:md5,44a6c758ed2189c43df13f7a3c35e435"
                ],
                "1": [
                    "multiqc_report.html:md5,06423e9463b541d544e420431ca2bf26"
                ],
                "2": [
                    "analysis_report.html:md5,0ae712123f113503ceadb21a0fe99f07"
                ],
                "3": [
                    "versions.yml:md5,6bca34a522f2030c562c7a521ce8264b",
                    "versions.yml:md5,9f153f756e74bd1c51ff66be000f5ae4"
                ],
                "analysis_report": [
                    "analysis_report.html:md5,0ae712123f113503ceadb21a0fe99f07"
                ],
                "multiqc_report": [
                    "multiqc_report.html:md5,44a6c758ed2189c43df13f7a3c35e435"
                ],
                "multiqc_report1": [
                    "multiqc_report.html:md5,06423e9463b541d544e420431ca2bf26"
                ],
                "versions": [
                    "versions.yml:md5,6bca34a522f2030c562c7a521ce8264b",
                    "versions.yml:md5,9f153f756e74bd1c51ff66be000f5ae4"
                ]
            }
        ],
        "meta": {
            "nf-test": "0.8.4",
            "nextflow": "24.04.4"
        },
        "timestamp": "2024-10-15T17:00:48.448073"
    }
}