{
    "preprocessing - fastqc - fasta": {
        "content": [
            {
                "0": [
                    [
                        {
                            "id": "nftest",
                            "single_end": false
                        },
                        [
                            "nftest_1.trim.fastq.gz:md5,59230cd0ddccbcc2570da094a0d11979",
                            "nftest_2.trim.fastq.gz:md5,7a43f31adca405c0730727ca226b10fc"
                        ]
                    ]
                ],
                "1": [
                    [
                        {
                            "id": "nftest",
                            "single_end": false
                        },
                        "nftest.extendedFrags.fastq.gz:md5,82a975fc08539bac2219ae81b139699c"
                    ]
                ],
                "2": [
                    [
                        {
                            "id": "nftest",
                            "single_end": false
                        },
                        "nftest_renamed.fastq.gz:md5,4d2baf018d45d1585285fd4b63e3b4c3"
                    ]
                ],
                "3": [
                    [
                        {
                            "id": "nftest",
                            "single_end": false
                        },
                        "nftest_AA_translated.fasta:md5,bd8e5541d742974fbfe520b47b11404e"
                    ]
                ],
                "4": [
                    [
                        {
                            "id": "nftest",
                            "single_end": false
                        },
                        "nftest_AA_translated.log:md5,05aff95ed93fe9b6cffb5362c06a4041"
                    ]
                ],
                "5": [
                    [
                        {
                            "id": "nftest",
                            "single_end": false
                        },
                        [
                            "nftest_1_fastqc.zip:md5,581bdae3377c1227587c8aa2b6c62a04",
                            "nftest_2_fastqc.zip:md5,86aa15e15e1fd91e2780ed8efbce6146"
                        ]
                    ]
                ],
                "6": [
                    "versions.yml:md5,0befd310402fc319652349ea4e4df1d5",
                    "versions.yml:md5,58e62e03321dfed5515054e2b82059c2",
                    "versions.yml:md5,65a346cd7706fd5ba13de5b1ef30e7e4",
                    "versions.yml:md5,ba5fdbe5151a441ca33968edea203d88",
                    "versions.yml:md5,ca055137cc997222712d0123dce46f09"
                ],
                "fastqc": [
                    [
                        {
                            "id": "nftest",
                            "single_end": false
                        },
                        [
                            "nftest_1_fastqc.zip:md5,581bdae3377c1227587c8aa2b6c62a04",
                            "nftest_2_fastqc.zip:md5,86aa15e15e1fd91e2780ed8efbce6146"
                        ]
                    ]
                ],
                "merged": [
                    [
                        {
                            "id": "nftest",
                            "single_end": false
                        },
                        "nftest.extendedFrags.fastq.gz:md5,82a975fc08539bac2219ae81b139699c"
                    ]
                ],
                "renamed": [
                    [
                        {
                            "id": "nftest",
                            "single_end": false
                        },
                        "nftest_renamed.fastq.gz:md5,4d2baf018d45d1585285fd4b63e3b4c3"
                    ]
                ],
                "translated": [
                    [
                        {
                            "id": "nftest",
                            "single_end": false
                        },
                        "nftest_AA_translated.fasta:md5,bd8e5541d742974fbfe520b47b11404e"
                    ]
                ],
                "translog": [
                    [
                        {
                            "id": "nftest",
                            "single_end": false
                        },
                        "nftest_AA_translated.log:md5,05aff95ed93fe9b6cffb5362c06a4041"
                    ]
                ],
                "trimmed_fastq": [
                    [
                        {
                            "id": "nftest",
                            "single_end": false
                        },
                        [
                            "nftest_1.trim.fastq.gz:md5,59230cd0ddccbcc2570da094a0d11979",
                            "nftest_2.trim.fastq.gz:md5,7a43f31adca405c0730727ca226b10fc"
                        ]
                    ]
                ],
                "versions": [
                    "versions.yml:md5,0befd310402fc319652349ea4e4df1d5",
                    "versions.yml:md5,58e62e03321dfed5515054e2b82059c2",
                    "versions.yml:md5,65a346cd7706fd5ba13de5b1ef30e7e4",
                    "versions.yml:md5,ba5fdbe5151a441ca33968edea203d88",
                    "versions.yml:md5,ca055137cc997222712d0123dce46f09"
                ]
            }
        ],
        "meta": {
            "nf-test": "0.8.4",
            "nextflow": "24.04.4"
        },
        "timestamp": "2024-10-15T16:40:05.350159"
    },
    "preprocessing - fastqc - both_end": {
        "content": [
            {
                "0": [
                    [
                        {
                            "id": "nftest",
                            "single_end": false
                        },
                        [
                            "nftest_1.trim.fastq.gz:md5,59230cd0ddccbcc2570da094a0d11979",
                            "nftest_2.trim.fastq.gz:md5,7a43f31adca405c0730727ca226b10fc"
                        ]
                    ]
                ],
                "1": [
                    [
                        {
                            "id": "nftest",
                            "single_end": false
                        },
                        "nftest.extendedFrags.fastq.gz:md5,7a9fedf788d42b46bfd36884adab7dfa"
                    ]
                ],
                "2": [
                    [
                        {
                            "id": "nftest",
                            "single_end": false
                        },
                        "nftest_renamed.fastq.gz:md5,e78f9ab4d574ef486a611d1ca52c86aa"
                    ]
                ],
                "3": [
                    [
                        {
                            "id": "nftest",
                            "single_end": false
                        },
                        "nftest_AA_translated.fasta:md5,803fd2dce066a8089ceb8a411f9777f6"
                    ]
                ],
                "4": [
                    [
                        {
                            "id": "nftest",
                            "single_end": false
                        },
                        "nftest_AA_translated.log:md5,05aff95ed93fe9b6cffb5362c06a4041"
                    ]
                ],
                "5": [
                    [
                        {
                            "id": "nftest",
                            "single_end": false
                        },
                        [
                            "nftest_1_fastqc.zip:md5,21cb8fc2594d65e2211ae743eae9429b",
                            "nftest_2_fastqc.zip:md5,61df84ebdbe4e3d5097bc7bf0dce26e5"
                        ]
                    ]
                ],
                "6": [
                    "versions.yml:md5,0befd310402fc319652349ea4e4df1d5",
                    "versions.yml:md5,58e62e03321dfed5515054e2b82059c2",
                    "versions.yml:md5,5d4e5b871f51af0a0a7d8419c6fe58b2",
                    "versions.yml:md5,ba5fdbe5151a441ca33968edea203d88",
                    "versions.yml:md5,ca055137cc997222712d0123dce46f09"
                ],
                "fastqc": [
                    [
                        {
                            "id": "nftest",
                            "single_end": false
                        },
                        [
                            "nftest_1_fastqc.zip:md5,21cb8fc2594d65e2211ae743eae9429b",
                            "nftest_2_fastqc.zip:md5,61df84ebdbe4e3d5097bc7bf0dce26e5"
                        ]
                    ]
                ],
                "merged": [
                    [
                        {
                            "id": "nftest",
                            "single_end": false
                        },
                        "nftest.extendedFrags.fastq.gz:md5,7a9fedf788d42b46bfd36884adab7dfa"
                    ]
                ],
                "renamed": [
                    [
                        {
                            "id": "nftest",
                            "single_end": false
                        },
                        "nftest_renamed.fastq.gz:md5,e78f9ab4d574ef486a611d1ca52c86aa"
                    ]
                ],
                "translated": [
                    [
                        {
                            "id": "nftest",
                            "single_end": false
                        },
                        "nftest_AA_translated.fasta:md5,803fd2dce066a8089ceb8a411f9777f6"
                    ]
                ],
                "translog": [
                    [
                        {
                            "id": "nftest",
                            "single_end": false
                        },
                        "nftest_AA_translated.log:md5,05aff95ed93fe9b6cffb5362c06a4041"
                    ]
                ],
                "trimmed_fastq": [
                    [
                        {
                            "id": "nftest",
                            "single_end": false
                        },
                        [
                            "nftest_1.trim.fastq.gz:md5,59230cd0ddccbcc2570da094a0d11979",
                            "nftest_2.trim.fastq.gz:md5,7a43f31adca405c0730727ca226b10fc"
                        ]
                    ]
                ],
                "versions": [
                    "versions.yml:md5,0befd310402fc319652349ea4e4df1d5",
                    "versions.yml:md5,58e62e03321dfed5515054e2b82059c2",
                    "versions.yml:md5,5d4e5b871f51af0a0a7d8419c6fe58b2",
                    "versions.yml:md5,ba5fdbe5151a441ca33968edea203d88",
                    "versions.yml:md5,ca055137cc997222712d0123dce46f09"
                ]
            }
        ],
        "meta": {
            "nf-test": "0.8.4",
            "nextflow": "24.04.4"
        },
        "timestamp": "2024-09-11T15:56:05.767921"
    }
}