{
    "preprocessing - fastqc - both_end": {
        "content": [
            {
                "0": [
                    [
                        {
                            "id": "nftest",
                            "single_end": false
                        },
                        [
                            "nftest_1.trim.fastq.gz:md5,59230cd0ddccbcc2570da094a0d11979",
                            "nftest_2.trim.fastq.gz:md5,7a43f31adca405c0730727ca226b10fc"
                        ]
                    ]
                ],
                "1": [
                    [
                        {
                            "id": "nftest",
                            "single_end": false
                        },
                        "nftest.extendedFrags.fastq.gz:md5,6d007eb8975c454b7be47ab1beaf81d3"
                    ]
                ],
                "2": [
                    [
                        {
                            "id": "nftest",
                            "single_end": false
                        },
                        "nftest_renamed.fastq.gz:md5,e98f51f2559f150f709f98a657e7d46a"
                    ]
                ],
                "3": [
                    [
                        {
                            "id": "nftest",
                            "single_end": false
                        },
                        "nftest_AA_translated.fasta:md5,85cd1e5a60cec08117ece8c3c8a21d77"
                    ]
                ],
                "4": [
                    [
                        {
                            "id": "nftest",
                            "single_end": false
                        },
                        "nftest_AA_translated.log:md5,05aff95ed93fe9b6cffb5362c06a4041"
                    ]
                ],
                "5": [
                    [
                        {
                            "id": "nftest",
                            "single_end": false
                        },
                        [
                            "nftest_1_fastqc.zip:md5,2f468579b6893b8c4dd9a1cf823b1e3c",
                            "nftest_2_fastqc.zip:md5,d77c3ca23b5bd10fc9320525e6f503ed"
                        ]
                    ]
                ],
                "6": [
                    "versions.yml:md5,0894dcdcbb2c977b634daa980fc5fb04",
                    "versions.yml:md5,666caad37df49336b8457755fe4a2716",
                    "versions.yml:md5,ac1e1a4d8c2b103e194e66af00357f25",
                    "versions.yml:md5,b92493ffb9f46998791c11bf84638b27",
                    "versions.yml:md5,c8c52fdea8c25a00bdb8cec06e86d384"
                ],
                "fastqc": [
                    [
                        {
                            "id": "nftest",
                            "single_end": false
                        },
                        [
                            "nftest_1_fastqc.zip:md5,2f468579b6893b8c4dd9a1cf823b1e3c",
                            "nftest_2_fastqc.zip:md5,d77c3ca23b5bd10fc9320525e6f503ed"
                        ]
                    ]
                ],
                "merged": [
                    [
                        {
                            "id": "nftest",
                            "single_end": false
                        },
                        "nftest.extendedFrags.fastq.gz:md5,6d007eb8975c454b7be47ab1beaf81d3"
                    ]
                ],
                "renamed": [
                    [
                        {
                            "id": "nftest",
                            "single_end": false
                        },
                        "nftest_renamed.fastq.gz:md5,e98f51f2559f150f709f98a657e7d46a"
                    ]
                ],
                "translated": [
                    [
                        {
                            "id": "nftest",
                            "single_end": false
                        },
                        "nftest_AA_translated.fasta:md5,85cd1e5a60cec08117ece8c3c8a21d77"
                    ]
                ],
                "translog": [
                    [
                        {
                            "id": "nftest",
                            "single_end": false
                        },
                        "nftest_AA_translated.log:md5,05aff95ed93fe9b6cffb5362c06a4041"
                    ]
                ],
                "trimmed_fastq": [
                    [
                        {
                            "id": "nftest",
                            "single_end": false
                        },
                        [
                            "nftest_1.trim.fastq.gz:md5,59230cd0ddccbcc2570da094a0d11979",
                            "nftest_2.trim.fastq.gz:md5,7a43f31adca405c0730727ca226b10fc"
                        ]
                    ]
                ],
                "versions": [
                    "versions.yml:md5,0894dcdcbb2c977b634daa980fc5fb04",
                    "versions.yml:md5,666caad37df49336b8457755fe4a2716",
                    "versions.yml:md5,ac1e1a4d8c2b103e194e66af00357f25",
                    "versions.yml:md5,b92493ffb9f46998791c11bf84638b27",
                    "versions.yml:md5,c8c52fdea8c25a00bdb8cec06e86d384"
                ]
            }
        ],
        "meta": {
            "nf-test": "0.8.4",
            "nextflow": "24.04.3"
        },
        "timestamp": "2024-09-04T11:13:37.370852"
    }
}