{
    "translate-clustering-reading-cdr3": {
        "content": [
            {
                "0": [
                    
                ],
                "1": [
                    
                ],
                "2": [
                    
                ],
                "3": [
                    
                ],
                "cdrpredicted": [
                    
                ],
                "cluster": [
                    
                ],
                "clusteread": [
                    
                ],
                "versions": [
                    
                ]
            }
        ],
        "meta": {
            "nf-test": "0.8.4",
            "nextflow": "24.04.3"
        },
        "timestamp": "2024-07-15T11:12:00.001368"
    }
}